13:47:03 **** Incremental Build of configuration Debug for project 1st_project_1 ****
make -j8 all 
arm-none-eabi-gcc "../Core/Src/main.c" -mcpu=cortex-m4 -std=gnu11 -g3 -DDEBUG -DUSE_HAL_DRIVER -DSTM32F411xE -c -I../Core/Inc -I../Drivers/STM32F4xx_HAL_Driver/Inc -I../Drivers/STM32F4xx_HAL_Driver/Inc/Legacy -I../Drivers/CMSIS/Device/ST/STM32F4xx/Include -I../Drivers/CMSIS/Include -O0 -ffunction-sections -fdata-sections -Wall -fstack-usage -fcyclomatic-complexity -MMD -MP -MF"Core/Src/main.d" -MT"Core/Src/main.o" --specs=nano.specs -mfpu=fpv4-sp-d16 -mfloat-abi=hard -mthumb -o "Core/Src/main.o"
../Core/Src/main.c:108:14: warning: 'pArray' defined but not used [-Wunused-variable]
  108 | static char *pArray[ARR_CNT] = { 0 };
      |              ^~~~~~
../Core/Src/main.c:107:14: warning: 'pToken' defined but not used [-Wunused-variable]
  107 | static char *pToken;
      |              ^~~~~~
../Core/Src/main.c:106:12: warning: 'i' defined but not used [-Wunused-variable]
  106 | static int i = 0;
      |            ^
../Core/Src/main.c:68:13: warning: 'buff' defined but not used [-Wunused-variable]
   68 | static char buff[30];
      |             ^~~~
arm-none-eabi-gcc -o "1st_project_1.elf" @"objects.list"   -mcpu=cortex-m4 -T"C:\Users\aiot24_\STM32CubeIDE\1st_project_ws\1st_project_1\STM32F411RETX_FLASH.ld" --specs=nosys.specs -Wl,-Map="1st_project_1.map" -Wl,--gc-sections -static --specs=nano.specs -mfpu=fpv4-sp-d16 -mfloat-abi=hard -mthumb -Wl,--start-group -lc -lm -Wl,--end-group
Finished building target: 1st_project_1.elf
 
arm-none-eabi-size  1st_project_1.elf 
arm-none-eabi-objdump -h -S 1st_project_1.elf  > "1st_project_1.list"
   text	   data	    bss	    dec	    hex	filename
  39916	    132	   4940	  44988	   afbc	1st_project_1.elf
Finished building: default.size.stdout
 
Finished building: 1st_project_1.list
 

13:47:05 Build Finished. 0 errors, 4 warnings. (took 1s.665ms)

