../Core/Src/main.c:196:5:main	16	static
../Core/Src/main.c:325:6:SystemClock_Config	88	static
../Core/Src/main.c:369:13:MX_ADC1_Init	24	static
../Core/Src/main.c:415:13:MX_I2C1_Init	8	static
../Core/Src/main.c:444:13:MX_SPI1_Init	8	static
../Core/Src/main.c:480:13:MX_TIM3_Init	32	static
../Core/Src/main.c:519:13:MX_TIM4_Init	48	static
../Core/Src/main.c:570:13:MX_USART2_UART_Init	8	static
../Core/Src/main.c:598:13:MX_USART6_UART_Init	8	static
../Core/Src/main.c:626:13:MX_GPIO_Init	48	static
../Core/Src/main.c:706:6:HAL_TIM_PeriodElapsedCallback	16	static
../Core/Src/main.c:720:6:room_status_set	16	static
../Core/Src/main.c:788:6:room_status_display	8	static
../Core/Src/main.c:820:6:user_authentication	24	static
../Core/Src/main.c:869:6:esp_event	128	static
../Core/Src/main.c:981:6:HAL_GPIO_EXTI_Callback	16	static
../Core/Src/main.c:989:6:PIR_Init	32	static
../Core/Src/main.c:1003:6:HAL_ADC_ConvCpltCallback	16	static
../Core/Src/main.c:1010:6:dht_status_motor	32	static
../Core/Src/main.c:1042:6:cds_status_servo	8	static
../Core/Src/main.c:1069:6:detect	8	static
../Core/Src/main.c:1078:6:authentication_timeout	8	static
../Core/Src/main.c:1095:6:Error_Handler	4	static
