../Core/Src/main.c:162:5:main	16	static
../Core/Src/main.c:259:6:SystemClock_Config	88	static
../Core/Src/main.c:303:13:MX_ADC1_Init	24	static
../Core/Src/main.c:348:13:MX_I2C1_Init	8	static
../Core/Src/main.c:376:13:MX_SPI1_Init	8	static
../Core/Src/main.c:411:13:MX_TIM1_Init	80	static
../Core/Src/main.c:470:13:MX_TIM3_Init	32	static
../Core/Src/main.c:508:13:MX_TIM4_Init	48	static
../Core/Src/main.c:554:13:MX_USART2_UART_Init	8	static
../Core/Src/main.c:581:13:MX_USART6_UART_Init	8	static
../Core/Src/main.c:608:13:MX_GPIO_Init	48	static
../Core/Src/main.c:687:6:HAL_TIM_PeriodElapsedCallback	16	static
../Core/Src/main.c:698:6:room_status_set	16	static
../Core/Src/main.c:754:6:room_status_display	8	static
../Core/Src/main.c:764:6:user_authentication	16	static
../Core/Src/main.c:786:6:esp_event	128	static
../Core/Src/main.c:938:6:Error_Handler	4	static
