../Core/Src/main.c:146:5:main	16	static
../Core/Src/main.c:247:6:SystemClock_Config	88	static
../Core/Src/main.c:291:13:MX_ADC1_Init	24	static
../Core/Src/main.c:337:13:MX_I2C1_Init	8	static
../Core/Src/main.c:366:13:MX_SPI1_Init	8	static
../Core/Src/main.c:402:13:MX_TIM1_Init	80	static
../Core/Src/main.c:462:13:MX_TIM3_Init	32	static
../Core/Src/main.c:501:13:MX_TIM4_Init	48	static
../Core/Src/main.c:548:13:MX_USART2_UART_Init	8	static
../Core/Src/main.c:576:13:MX_USART6_UART_Init	8	static
../Core/Src/main.c:604:13:MX_GPIO_Init	48	static
../Core/Src/main.c:683:6:HAL_TIM_PeriodElapsedCallback	16	static
../Core/Src/main.c:694:6:room_status_set	16	static
../Core/Src/main.c:745:6:room_status_display	8	static
../Core/Src/main.c:755:6:user_authentication	16	static
../Core/Src/main.c:778:6:esp_event	16	static
../Core/Src/main.c:809:6:esp_init	32	static
../Core/Src/main.c:856:6:Error_Handler	4	static
